[2026-03-23 14:45:10] App dir: C:/Users/BolducF/Documents/ShinyApps/Band-Aid
[2026-03-23 14:45:11] R version: R version 4.4.2 (2024-10-31 ucrt)
[2026-03-23 14:45:11] CRAN mirror: https://cloud.r-project.org
[2026-03-23 14:45:11] Download timeout: 300s
[2026-03-23 14:45:11] [01/20] shiny
[2026-03-23 14:45:11] ✓ Already present: shiny
[2026-03-23 14:45:11] [02/20] bslib
[2026-03-23 14:45:11] ✓ Already present: bslib
[2026-03-23 14:45:11] [03/20] DT
[2026-03-23 14:45:11] ✓ Already present: DT
[2026-03-23 14:45:11] [04/20] readr
[2026-03-23 14:45:11] ✓ Already present: readr
[2026-03-23 14:45:11] [05/20] readxl
[2026-03-23 14:45:11] ✓ Already present: readxl
[2026-03-23 14:45:11] [06/20] shinyjs
[2026-03-23 14:45:11] ✓ Already present: shinyjs
[2026-03-23 14:45:11] [07/20] openxlsx
[2026-03-23 14:45:11] ✓ Already present: openxlsx
[2026-03-23 14:45:11] [08/20] dplyr
[2026-03-23 14:45:11] ✓ Already present: dplyr
[2026-03-23 14:45:11] [09/20] leaflet
[2026-03-23 14:45:11] ✓ Already present: leaflet
[2026-03-23 14:45:11] [10/20] leaflet.extras2
[2026-03-23 14:45:11] ✓ Already present: leaflet.extras2
[2026-03-23 14:45:12] [11/20] shinyjqui
[2026-03-23 14:45:12] ✓ Already present: shinyjqui
[2026-03-23 14:45:12] [12/20] viridisLite
[2026-03-23 14:45:12] ✓ Already present: viridisLite
[2026-03-23 14:45:12] [13/20] shiny.i18n
[2026-03-23 14:45:12] ✓ Already present: shiny.i18n
[2026-03-23 14:45:12] [14/20] DBI
[2026-03-23 14:45:12] ✓ Already present: DBI
[2026-03-23 14:45:12] [15/20] duckdb
[2026-03-23 14:45:13] ✓ Already present: duckdb
[2026-03-23 14:45:13] [16/20] glue
[2026-03-23 14:45:13] ✓ Already present: glue
[2026-03-23 14:45:13] [17/20] webshot2
[2026-03-23 14:45:13] ✓ Already present: webshot2
[2026-03-23 14:45:13] [18/20] chromote
[2026-03-23 14:45:13] ✓ Already present: chromote
[2026-03-23 14:45:13] [19/20] htmlwidgets
[2026-03-23 14:45:13] ✓ Already present: htmlwidgets
[2026-03-23 14:45:13] [20/20] markdown
[2026-03-23 14:45:13] ✓ Already present: markdown
[2026-03-23 14:45:13] All dependencies are ready. Launching the app…
